Testing bot system...
